nohup: ignoring input
◇ injected env (5) from .env // tip: ⌘ suppress logs { quiet: true }
MongoDB Connected...
Starting in development mode
Initializing Vite middleware...
Server running on http://localhost:3000
[0mPOST /api/auth/register [32m201[0m 127.938 ms - 313[0m
[0mPOST /api/auth/register [32m201[0m 194.210 ms - 311[0m
[0mPOST /api/auth/register [33m400[0m 10.353 ms - 31[0m
[0mPOST /api/auth/register [32m201[0m 73.507 ms - 310[0m
[0mPOST /api/auth/login [32m200[0m 72.568 ms - 310[0m
[0mPOST /api/auth/login [32m200[0m 81.266 ms - 310[0m
[0mPOST /api/auth/login [32m200[0m 74.050 ms - 310[0m
[0mPOST /api/auth/register [32m201[0m 78.211 ms - 310[0m
[0mPOST /api/auth/register [33m400[0m 1.990 ms - 31[0m
[0mPOST /api/auth/register [32m201[0m 105.016 ms - 302[0m
[0mPOST /api/auth/login [32m200[0m 70.177 ms - 302[0m
[0mPOST /api/auth/login [32m200[0m 103.380 ms - 310[0m
[0mGET /api/patients [32m200[0m 71.795 ms - 2[0m
[0mPOST /api/auth/login [32m200[0m 72.557 ms - 310[0m
[0mGET /api/patients [32m200[0m 3.790 ms - 2[0m
[0mGET /api/patients [32m200[0m 3.556 ms - 2[0m
[0mGET /api/patients [36m304[0m 15.245 ms - -[0m
[0mPOST /api/auth/register [33m400[0m 3.300 ms - 31[0m
[0mPOST /api/auth/login [32m200[0m 105.561 ms - 302[0m
[0mGET /api/patients [36m304[0m 2.878 ms - -[0m
[0mGET /api/patients [36m304[0m 3.983 ms - -[0m
[0mGET /api/patients [36m304[0m 3.074 ms - -[0m
[0mGET /api/patients [36m304[0m 5.926 ms - -[0m
[0mGET /api/patients [36m304[0m 5.370 ms - -[0m
[0mGET /api/patients [36m304[0m 3.624 ms - -[0m
[0mGET /api/patients [36m304[0m 5.185 ms - -[0m
[0mGET /api/patients [36m304[0m 3.144 ms - -[0m
[0mGET /api/patients [36m304[0m 5.843 ms - -[0m
[0mGET /api/patients [36m304[0m 2.180 ms - -[0m
[0mGET /api/patients [36m304[0m 3.290 ms - -[0m
[0mGET /api/patients [36m304[0m 3.010 ms - -[0m
[0mPOST /api/workflows [33m403[0m 3.989 ms - 56[0m
[0mGET /api/patients [36m304[0m 7.238 ms - -[0m
[0mGET /api/patients [36m304[0m 4.804 ms - -[0m
[0mGET /api/patients [36m304[0m 11.628 ms - -[0m
[0mGET /api/patients [36m304[0m 3.612 ms - -[0m
[0mGET /api/patients [36m304[0m 3.051 ms - -[0m
[0mGET /api/patients [36m304[0m 6.183 ms - -[0m
[0mGET /api/patients [36m304[0m 3.086 ms - -[0m
[0mGET /api/patients [36m304[0m 3.704 ms - -[0m
[0mGET /api/patients [36m304[0m 70.065 ms - -[0m
[0mGET /api/patients [36m304[0m 4.159 ms - -[0m
[0mGET /api/patients [36m304[0m 4.239 ms - -[0m
[0mGET /api/patients [36m304[0m 3.026 ms - -[0m
[0mGET /api/patients [36m304[0m 8.221 ms - -[0m
[0mGET /api/patients [36m304[0m 4.010 ms - -[0m
[0mPOST /api/auth/register [32m201[0m 110.779 ms - 304[0m
[0mPOST /api/auth/login [32m200[0m 71.370 ms - 304[0m
[0mGET /api/patients [36m304[0m 4.095 ms - -[0m
[0mGET /api/patients [36m304[0m 4.681 ms - -[0m
[0mGET /api/patients [36m304[0m 5.715 ms - -[0m
[0mGET /api/patients [36m304[0m 2.012 ms - -[0m
[0mGET /api/patients [36m304[0m 2.780 ms - -[0m
[0mGET /api/patients [36m304[0m 3.475 ms - -[0m
[0mGET /api/patients [36m304[0m 2.453 ms - -[0m
[0mGET /api/patients [36m304[0m 6.505 ms - -[0m
[0mGET /api/patients [36m304[0m 3.147 ms - -[0m
[0mGET /api/patients [36m304[0m 4.003 ms - -[0m
[0mGET /api/patients [36m304[0m 2.980 ms - -[0m
[0mGET /api/patients [36m304[0m 4.727 ms - -[0m
[0mGET /api/patients [36m304[0m 6.144 ms - -[0m
[0mGET /api/patients [36m304[0m 6.672 ms - -[0m
[0mGET /api/patients [36m304[0m 4.466 ms - -[0m
[0mGET /api/patients [36m304[0m 3.572 ms - -[0m
[0mGET /api/patients [36m304[0m 2.842 ms - -[0m
[0mGET /api/patients [36m304[0m 3.492 ms - -[0m
[0mGET /api/patients [36m304[0m 3.257 ms - -[0m
[0mGET /api/patients [36m304[0m 1.874 ms - -[0m
